Microchip MPLAB XC8 Compiler V2.50

Linker command line:

-W-3 \
  --edf=C:\Program Files\Microchip\xc8\v2.50\pic\dat\20240725155939_en.msgs \
  -cn -h+dist/default/production\PIC18F2550_Common.X.production.sym \
  --cmf=dist/default/production\PIC18F2550_Common.X.production.cmf -z \
  -Q18F2550 -oC:\Users\SaPA\AppData\Local\Temp\xcBs83o.1\driver_tmp_3.o \
  --defsym=__MPLAB_BUILD=1 --fixupoverflow=error \
  -Mdist/default/production/PIC18F2550_Common.X.production.map \
  --md=C:\Users\SaPA\AppData\Local\Temp\xcBs83o.1\driver_tmp_0.dat -E1 \
  -ver=XC8 Compiler --acfsm=1493 -ACODE=00h-07FFFh -ACONST=00h-07FFFh \
  -ASMALLCONST=0800h-08FFhx120 -AMEDIUMCONST=0800h-07FFFh -ACOMRAM=01h-05Fh \
  -AABS1=00h-07FFh -ABIGRAM=01h-07FFh -ARAM=060h-0FFh,0100h-01FFhx7 \
  -ABANK0=060h-0FFh -ABANK1=0100h-01FFh -ABANK2=0200h-02FFh \
  -ABANK3=0300h-03FFh -ABANK4=0400h-04FFh -ABANK5=0500h-05FFh \
  -ABANK6=0600h-06FFh -ABANK7=0700h-07FFh -ASFR=0F60h-0FFFh \
  -ABIGSFR=0F60h-0FFFh -ACONFIG=0300000h-030000Dh -AIDLOC=0200000h-0200007h \
  -AEEDATA=0F00000h-0F000FFh -peeprom_data=EEDATA \
  -preset_vec=00h,intcode=8h,intcodelo,powerup,init -pramtop=0800h \
  -psmallconst=SMALLCONST -pmediumconst=MEDIUMCONST -pconst=CONST \
  -AFARRAM=00h-00h \
  -prdata=COMRAM,nvrram=COMRAM,nvbit=COMRAM,rbss=COMRAM,rbit=COMRAM \
  -pfarbss=FARRAM,fardata=FARRAM,nvFARRAM=FARRAM \
  -pintsave_regs=BIGRAM,bigbss=BIGRAM,bigdata=BIGRAM -pbss=RAM \
  -pidata=CODE,irdata=CODE,ibigdata=CODE,ifardata=CODE -prparam=COMRAM \
  C:\Users\SaPA\AppData\Local\Temp\xcBs83o.1\driver_tmp_9.o \
  dist/default/production\PIC18F2550_Common.X.production.o 

Object code version is 3.11

Machine type is 18F2550



                Name                               Link     Load   Length Selector   Space Scale
C:\Users\SaPA\AppData\Local\Temp\xcBs83o.1\driver_tmp_9.o
                config                           300000   300000        E        0       4
                init                                  E        E        4        4       0
                reset_vec                             0        0        4        0       0
dist/default/production\PIC18F2550_Common.X.production.o
                intcode                               8        8        6        4       0
                config                           300000   300000        E        0       4
                temp                                 54       54        1        1       1
                mediumconst                        75BE     75BE      A42     3ADF       0
                intcode_body                       1702     1702       3A        4       0
                text30                              BFE      BFE      118        4       0
                text29                              A82      A82      17C        4       0
                text28                             11A4     11A4       9A        4       0
                text27                             15A6     15A6       60        4       0
                text26                             17C0     17C0       18      BD3       0
                text25                             16C8     16C8       3A        4       0
                text24                             181C     181C        E      BD3       0
                text23                             13DC     13DC       82        4       0
                text22                             1606     1606       4A        4       0
                text21                             17EC     17EC       14      BD3       0
                text20                             123E     123E       8E        4       0
                text19                             168C     168C       3C        4       0
                text18                             1650     1650       3C        4       0
                text17                             173C     173C       26        4       0
                text16                             145E     145E       72        4       0
                text15                              EF6      EF6       C2        4       0
                text14                              FB8      FB8       AE        4       0
                text13                             110A     110A       9A        4       0
                text12                              D16      D16       F6        4       0
                text11                             180E     180E        E      BD3       0
                text10                             1800     1800        E      BD3       0
                text9                                12       12      588        4       0
                text8                              1066     1066       A4        4       0
                text7                              1354     1354       88        4       0
                text6                              153C     153C       6A        4       0
                text5                              14D0     14D0       6C        4       0
                text4                              1762     1762       22        4       0
                text3                              17A6     17A6       1A      BD3       0
                text2                              17D8     17D8       14      BD3       0
                text1                               E0C      E0C       EA        4       0
                text0                               59A      59A      4E8        4       0
                cstackCOMRAM                          1        1       37        1       1
                cstackBANK0                          60       60        D       60       1
                cstackBANK1                         100      100       95      100       1
                dataBANK1                           195      195       21      100       1
                bssBANK1                            1B6      1B6       19      100       1
                dataBANK0                            75       75        3       60       1
                bssBANK0                             6D       6D        8       60       1
                dataCOMRAM                           52       52        2        1       1
                bssCOMRAM                            38       38       16        1       1
                cinit                              12CC     12CC       88        4       0
                nvCOMRAM                             4E       4E        4        1       1
                idataBANK1                         1784     1784       21        4       0
                idataBANK0                         182A     182A        3      BD3       0
                idataCOMRAM                        182D     182D        2      BD3       0

TOTAL           Name                               Link     Load   Length     Space
        CLASS   CODE           
                intcode                               8        8        6         0
                init                                  E        E        4         0
                reset_vec                             0        0        4         0
                intcode_body                       1702     1702       3A         0
                text30                              BFE      BFE      118         0
                text29                              A82      A82      17C         0
                text28                             11A4     11A4       9A         0
                text27                             15A6     15A6       60         0
                text26                             17C0     17C0       18         0
                text25                             16C8     16C8       3A         0
                text24                             181C     181C        E         0
                text23                             13DC     13DC       82         0
                text22                             1606     1606       4A         0
                text21                             17EC     17EC       14         0
                text20                             123E     123E       8E         0
                text19                             168C     168C       3C         0
                text18                             1650     1650       3C         0
                text17                             173C     173C       26         0
                text16                             145E     145E       72         0
                text15                              EF6      EF6       C2         0
                text14                              FB8      FB8       AE         0
                text13                             110A     110A       9A         0
                text12                              D16      D16       F6         0
                text11                             180E     180E        E         0
                text10                             1800     1800        E         0
                text9                                12       12      588         0
                text8                              1066     1066       A4         0
                text7                              1354     1354       88         0
                text6                              153C     153C       6A         0
                text5                              14D0     14D0       6C         0
                text4                              1762     1762       22         0
                text3                              17A6     17A6       1A         0
                text2                              17D8     17D8       14         0
                text1                               E0C      E0C       EA         0
                text0                               59A      59A      4E8         0
                cinit                              12CC     12CC       88         0
                idataBANK1                         1784     1784       21         0
                idataBANK0                         182A     182A        3         0
                idataCOMRAM                        182D     182D        2         0

        CLASS   CONST          

        CLASS   SMALLCONST     

        CLASS   MEDIUMCONST    
                mediumconst                        75BE     75BE      A42         0

        CLASS   COMRAM         
                temp                                 54       54        1         1
                cstackCOMRAM                          1        1       37         1
                dataCOMRAM                           52       52        2         1
                bssCOMRAM                            38       38       16         1
                nvCOMRAM                             4E       4E        4         1

        CLASS   ABS1           

        CLASS   BIGRAM         

        CLASS   RAM            

        CLASS   BANK0          
                cstackBANK0                          60       60        D         1
                dataBANK0                            75       75        3         1
                bssBANK0                             6D       6D        8         1

        CLASS   BANK1          
                cstackBANK1                         100      100       95         1
                dataBANK1                           195      195       21         1
                bssBANK1                            1B6      1B6       19         1

        CLASS   BANK2          

        CLASS   BANK3          

        CLASS   BANK4          

        CLASS   BANK5          

        CLASS   BANK6          

        CLASS   BANK7          

        CLASS   SFR            

        CLASS   BIGSFR         

        CLASS   CONFIG         
                config                           300000   300000        E         4

        CLASS   IDLOC          

        CLASS   EEDATA         

        CLASS   FARRAM         

        CLASS   HEAP           

        CLASS   STACK          



SEGMENTS        Name                           Load    Length   Top    Selector   Space  Class

                reset_vec                      000000  000004  000004         0       0  CODE    
                cstackCOMRAM                   000001  000054  000055         1       1  COMRAM  
                intcode                        000008  00179D  0017A5         4       0  CODE    
                cstackBANK0                    000060  000018  000078        60       1  BANK0   
                cstackBANK1                    000100  0000CF  0001CF       100       1  BANK1   
                text3                          0017A6  000089  00182F       BD3       0  CODE    
                mediumconst                    0075BE  000A42  008000      3ADF       0  MEDIUMCO


UNUSED ADDRESS RANGES

        Name                Unused          Largest block    Delta
        BANK0            000078-0000FF               88
        BANK1            0001CF-0001FF               31
        BANK2            000200-0002FF              100
        BANK3            000300-0003FF              100
        BANK4            000400-0004FF              100
        BANK5            000500-0005FF              100
        BANK6            000600-0006FF              100
        BANK7            000700-0007FF              100
        BIGRAM           000055-00005F                B
                         000078-0000FF               88
                         0001CF-0007FF              631
        BIGSFR           000F60-000FFF               A0
        CODE             000004-000007                4
                         0017A5-0017A5                1
                         00182F-0075BD             5D8F
        COMRAM           000055-00005F                B
        CONST            000004-000007                4
                         0017A5-0017A5                1
                         00182F-0075BD             5D8F
        EEDATA           F00000-F000FF              100
        IDLOC            200000-200007                8
        MEDIUMCONST      0017A5-0017A5                1
                         00182F-0075BD             5D8F
        RAM              000078-0000FF               88
                         0001CF-0007FF              100
        SFR              000F60-000FFF               A0
        SMALLCONST       0017A5-0017A5                1
                         00182F-0075BD              100

                                  Symbol Table

?_CreateBtn                 cstackCOMRAM 000001
?_GetPrd                    cstackCOMRAM 000001
?_LCD_SendCommands          cstackCOMRAM 000002
?___awdiv                   cstackCOMRAM 000019
?___awmod                   cstackCOMRAM 000013
?___lldiv                   cstackCOMRAM 00000A
?___llmod                   cstackCOMRAM 000001
?___lmul                    cstackCOMRAM 000001
?_rand                      cstackCOMRAM 00000D
Counting@cDirect            cstackCOMRAM 000004
Counting@cOn                cstackCOMRAM 000003
Counting@cPrd               cstackCOMRAM 000001
Counting@cTime              bssCOMRAM    000038
Counting@counterMax         cstackCOMRAM 000005
CreateBtn@BTN               cstackCOMRAM 000012
CreateBtn@Lat               cstackCOMRAM 000005
CreateBtn@Port              cstackCOMRAM 000003
CreateBtn@Tris              cstackCOMRAM 000001
CreateBtn@inputbit          cstackCOMRAM 000007
CreateBtn@outputbit         cstackCOMRAM 000008
CreateBtn@timecounter       cstackCOMRAM 000009
Delay_ms@ms                 cstackCOMRAM 000001
Delay_ms@temp               cstackCOMRAM 000009
GetPrd@i                    dataCOMRAM   000052
GetPrd@prd                  cstackCOMRAM 000005
LCD_Erase@i                 cstackCOMRAM 00000B
LCD_Erase@j                 cstackCOMRAM 00000C
LCD_PrintClock@cl_digits    cstackBANK0  000060
LCD_PrintClock@hour         cstackBANK0  00006C
LCD_PrintClock@hourL        cstackBANK0  00006B
LCD_PrintClock@min          cstackCOMRAM 000035
LCD_PrintClock@minL         cstackBANK0  00006A
LCD_PrintClock@sec          cstackCOMRAM 000036
LCD_PrintClock@secL         cstackBANK0  000069
LCD_SendCommands@N          cstackCOMRAM 000008
LCD_SendCommands@arg        cstackCOMRAM 000009
LCD_SendCommands@i          cstackCOMRAM 00000A
LCD_SendData@N              cstackCOMRAM 000004
LCD_SendData@byte           cstackCOMRAM 000002
LCD_SendData@i              cstackCOMRAM 000007
LCD_Set_PageColumn@col      cstackCOMRAM 000012
LCD_Set_PageColumn@colH     cstackCOMRAM 000011
LCD_Set_PageColumn@colL     cstackCOMRAM 000010
LCD_Set_PageColumn@page     cstackCOMRAM 00000B
LCD_WriteByte@byte          cstackCOMRAM 000002
LCD_printSmb8x5@ch          cstackCOMRAM 000015
LCD_printSmb8x5@col         cstackCOMRAM 000014
LCD_printSmb8x5@page        cstackCOMRAM 000013
LCD_printStr8x5@col         cstackCOMRAM 000033
LCD_printStr8x5@i           cstackCOMRAM 000034
LCD_printStr8x5@page        cstackCOMRAM 000032
LCD_printStr8x5@str         cstackCOMRAM 000030
SPI_ReadWriteByte@Byte      cstackCOMRAM 000001
TestBtn@btn                 cstackCOMRAM 000001
_ADIE                       (abs)        007CEE
_ADIP                       (abs)        007CFE
_Array                      dataBANK1    000195
_BCLIE                      (abs)        007D03
_BCLIP                      (abs)        007D13
_BRG16                      (abs)        007DC3
_BRGH                       (abs)        007D62
_CCP1IE                     (abs)        007CEA
_CCP1IP                     (abs)        007CFA
_CCP2IE                     (abs)        007D00
_CCP2IP                     (abs)        007D10
_CMIE                       (abs)        007D06
_CMIP                       (abs)        007D16
_CREN                       (abs)        007D5C
_Counting                   text30       000BFE
_CreateBtn                  text29       000A82
_Delay_ms                   text22       001606
_EEIE                       (abs)        007D04
_EEIP                       (abs)        007D14
_GIE_GIEH                   (abs)        007F97
_GetPrd                     text28       0011A4
_HLVDIE                     (abs)        007D02
_HLVDIP                     (abs)        007D12
_INT0IE                     (abs)        007F94
_INT1IE                     (abs)        007F83
_INT1IP                     (abs)        007F86
_INT2IE                     (abs)        007F84
_INT2IP                     (abs)        007F87
_INTEDG0                    (abs)        007F8E
_INTEDG1                    (abs)        007F8D
_INTEDG2                    (abs)        007F8C
_IPEN                       (abs)        007E87
_Interrupt_init             text27       0015A6
_LATB                       (abs)        000F8A
_LCD_Erase                  text23       0013DC
_LCD_Init                   text20       00123E
_LCD_PrintClock             text12       000D16
_LCD_SendCommands           text25       0016C8
_LCD_SendData               text19       00168C
_LCD_Set_PageColumn         text18       001650
_LCD_WriteByte              text24       00181C
_LCD_printSmb8x5            text17       00173C
_LCD_printStr8x5            text16       00145E
_OSCFIE                     (abs)        007D07
_OSCFIP                     (abs)        007D17
_PEIE_GIEL                  (abs)        007F96
_PIR1bits                   (abs)        000F9E
_PORTA                      (abs)        000F80
_PORTAbits                  (abs)        000F80
_PORTB                      (abs)        000F81
_PORTCbits                  (abs)        000F82
_RBIE                       (abs)        007F93
_RBIP                       (abs)        007F88
_RBPU                       (abs)        007F8F
_RCIE                       (abs)        007CED
_RCIP                       (abs)        007CFD
_RX9D                       (abs)        007D58
_SBOREN                     (abs)        007E86
_SPBRG                      (abs)        000FAF
_SPEN                       (abs)        007D5F
_SPI_ReadWriteByte          text26       0017C0
_SPI_init                   text21       0017EC
_SSPADD                     (abs)        000FC8
_SSPBUF                     (abs)        000FC9
_SSPCON1                    (abs)        000FC6
_SSPCON1bits                (abs)        000FC6
_SSPCON2                    (abs)        000FC5
_SSPCON2bits                (abs)        000FC5
_SSPIE                      (abs)        007CEB
_SSPIP                      (abs)        007CFB
_SSPSTAT                    (abs)        000FC7
_SSPSTATbits                (abs)        000FC7
_SYNC                       (abs)        007D64
_T0CON                      (abs)        000FD5
_T1CON                      (abs)        000FCD
_TMR0H                      (abs)        000FD7
_TMR0IE                     (abs)        007F95
_TMR0IP                     (abs)        007F8A
_TMR0L                      (abs)        000FD6
_TMR0_init                  text11       00180E
_TMR1H                      (abs)        000FCF
_TMR1IE                     (abs)        007CE8
_TMR1IF                     (abs)        007CF0
_TMR1IP                     (abs)        007CF8
_TMR1L                      (abs)        000FCE
_TMR1_init                  text10       001800
_TMR2IE                     (abs)        007CE9
_TMR2IP                     (abs)        007CF9
_TMR3IE                     (abs)        007D01
_TMR3IP                     (abs)        007D11
_TRISAbits                  (abs)        000F92
_TRISB                      (abs)        000F93
_TRISBbits                  (abs)        000F93
_TRISC                      (abs)        000F94
_TRISCbits                  (abs)        000F94
_TX9                        (abs)        007D66
_TX9D                       (abs)        007D60
_TXEN                       (abs)        007D65
_TXIE                       (abs)        007CEC
_TXIP                       (abs)        007CFC
_TXREG                      (abs)        000FAD
_TestBtn                    text9        000012
_Time                       bssCOMRAM    000044
_USBIE                      (abs)        007D05
_USBIP                      (abs)        007D15
__HRAM                      (abs)        000000
__H__absolute__             __absolute__ 000000
__Habs1                     abs1         000000
__Hbank0                    bank0        000000
__Hbank1                    bank1        000000
__Hbank2                    bank2        000000
__Hbank3                    bank3        000000
__Hbank4                    bank4        000000
__Hbank5                    bank5        000000
__Hbank6                    bank6        000000
__Hbank7                    bank7        000000
__Hbigbss                   bigbss       000000
__Hbigdata                  bigdata      000000
__Hbigram                   bigram       000000
__Hbigsfr                   bigsfr       000000
__Hbss                      bss          000000
__HbssBANK0                 bssBANK0     000000
__HbssBANK1                 bssBANK1     000000
__HbssCOMRAM                bssCOMRAM    000000
__Hcinit                    cinit        000000
__Hclrtext                  clrtext      000000
__Hcomram                   comram       000000
__Hconfig                   config       30000E
__Hconst                    const        000000
__HcstackBANK0              cstackBANK0  000000
__HcstackBANK1              cstackBANK1  000000
__HcstackCOMRAM             cstackCOMRAM 000000
__Hdata                     data         000000
__HdataBANK0                dataBANK0    000000
__HdataBANK1                dataBANK1    000000
__HdataCOMRAM               dataCOMRAM   000000
__Heeprom_data              eeprom_data  000000
__Hfarbss                   farbss       000000
__Hfardata                  fardata      000000
__Hheap                     heap         000000
__Hibigdata                 ibigdata     000000
__Hidata                    idata        000000
__HidataBANK0               idataBANK0   000000
__HidataBANK1               idataBANK1   000000
__HidataCOMRAM              idataCOMRAM  000000
__Hidloc                    idloc        000000
__Hifardata                 ifardata     000000
__Hinit                     init         000012
__Hintcode                  intcode      00000E
__Hintcode_body             intcode_body 000000
__Hintcodelo                intcodelo    00000E
__Hintentry                 intentry     000000
__Hintret                   intret       000000
__Hintsave_regs             intsave_regs 000000
__Hirdata                   irdata       000000
__Hmediumconst              mediumconst  008000
__HnvCOMRAM                 nvCOMRAM     000000
__HnvFARRAM                 nvFARRAM     000000
__Hnvbit                    nvbit        000000
__Hnvrram                   nvrram       000000
__Hparam                    rparam       000000
__Hpowerup                  powerup      00000E
__Hram                      ram          000000
__Hramtop                   ramtop       000800
__Hrbit                     rbit         000000
__Hrbss                     rbss         000000
__Hrdata                    rdata        000000
__Hreset_vec                reset_vec    000004
__Hrparam                   rparam       000000
__Hsfr                      sfr          000000
__Hsivt_hi                  sivt_hi      000000
__Hsivt_lo                  sivt_lo      000000
__Hsmallconst               smallconst   000000
__Hspace_0                  (abs)        008000
__Hspace_1                  (abs)        0001CF
__Hspace_2                  (abs)        000000
__Hspace_4                  (abs)        60000E
__Hstack                    stack        000000
__Hstruct                   struct       000000
__Htemp                     temp         000055
__Htext                     text         000000
__Htext0                    text0        000000
__Htext1                    text1        000000
__Htext10                   text10       000000
__Htext11                   text11       000000
__Htext12                   text12       000000
__Htext13                   text13       000000
__Htext14                   text14       000000
__Htext15                   text15       000000
__Htext16                   text16       000000
__Htext17                   text17       000000
__Htext18                   text18       000000
__Htext19                   text19       000000
__Htext2                    text2        000000
__Htext20                   text20       000000
__Htext21                   text21       000000
__Htext22                   text22       000000
__Htext23                   text23       000000
__Htext24                   text24       000000
__Htext25                   text25       000000
__Htext26                   text26       000000
__Htext27                   text27       000000
__Htext28                   text28       000000
__Htext29                   text29       000000
__Htext3                    text3        000000
__Htext30                   text30       000000
__Htext4                    text4        000000
__Htext5                    text5        000000
__Htext6                    text6        000000
__Htext7                    text7        000000
__Htext8                    text8        000000
__Htext9                    text9        000000
__LRAM                      (abs)        000001
__L__absolute__             __absolute__ 000000
__Labs1                     abs1         000000
__Lbank0                    bank0        000000
__Lbank1                    bank1        000000
__Lbank2                    bank2        000000
__Lbank3                    bank3        000000
__Lbank4                    bank4        000000
__Lbank5                    bank5        000000
__Lbank6                    bank6        000000
__Lbank7                    bank7        000000
__Lbigbss                   bigbss       000000
__Lbigdata                  bigdata      000000
__Lbigram                   bigram       000000
__Lbigsfr                   bigsfr       000000
__Lbss                      bss          000000
__LbssBANK0                 bssBANK0     000000
__LbssBANK1                 bssBANK1     000000
__LbssCOMRAM                bssCOMRAM    000000
__Lcinit                    cinit        000000
__Lclrtext                  clrtext      000000
__Lcomram                   comram       000000
__Lconfig                   config       000000
__Lconst                    const        000000
__LcstackBANK0              cstackBANK0  000000
__LcstackBANK1              cstackBANK1  000000
__LcstackCOMRAM             cstackCOMRAM 000000
__Ldata                     data         000000
__LdataBANK0                dataBANK0    000000
__LdataBANK1                dataBANK1    000000
__LdataCOMRAM               dataCOMRAM   000000
__Leeprom_data              eeprom_data  000000
__Lfarbss                   farbss       000000
__Lfardata                  fardata      000000
__Lheap                     heap         000000
__Libigdata                 ibigdata     000000
__Lidata                    idata        000000
__LidataBANK0               idataBANK0   000000
__LidataBANK1               idataBANK1   000000
__LidataCOMRAM              idataCOMRAM  000000
__Lidloc                    idloc        000000
__Lifardata                 ifardata     000000
__Linit                     init         00000E
__Lintcode                  intcode      000008
__Lintcode_body             intcode_body 000000
__Lintcodelo                intcodelo    00000E
__Lintentry                 intentry     000000
__Lintret                   intret       000000
__Lintsave_regs             intsave_regs 000000
__Lirdata                   irdata       000000
__Lmediumconst              mediumconst  0075BE
__LnvCOMRAM                 nvCOMRAM     000000
__LnvFARRAM                 nvFARRAM     000000
__Lnvbit                    nvbit        000000
__Lnvrram                   nvrram       000000
__Lparam                    rparam       000000
__Lpowerup                  powerup      00000E
__Lram                      ram          000000
__Lramtop                   ramtop       000800
__Lrbit                     rbit         000000
__Lrbss                     rbss         000000
__Lrdata                    rdata        000000
__Lreset_vec                reset_vec    000000
__Lrparam                   rparam       000000
__Lsfr                      sfr          000000
__Lsivt_hi                  sivt_hi      000000
__Lsivt_lo                  sivt_lo      000000
__Lsmallconst               smallconst   000000
__Lspace_0                  (abs)        000000
__Lspace_1                  (abs)        000000
__Lspace_2                  (abs)        000000
__Lspace_4                  (abs)        000000
__Lstack                    stack        000000
__Lstruct                   struct       000000
__Ltemp                     temp         000054
__Ltext                     text         000000
__Ltext0                    text0        000000
__Ltext1                    text1        000000
__Ltext10                   text10       000000
__Ltext11                   text11       000000
__Ltext12                   text12       000000
__Ltext13                   text13       000000
__Ltext14                   text14       000000
__Ltext15                   text15       000000
__Ltext16                   text16       000000
__Ltext17                   text17       000000
__Ltext18                   text18       000000
__Ltext19                   text19       000000
__Ltext2                    text2        000000
__Ltext20                   text20       000000
__Ltext21                   text21       000000
__Ltext22                   text22       000000
__Ltext23                   text23       000000
__Ltext24                   text24       000000
__Ltext25                   text25       000000
__Ltext26                   text26       000000
__Ltext27                   text27       000000
__Ltext28                   text28       000000
__Ltext29                   text29       000000
__Ltext3                    text3        000000
__Ltext30                   text30       000000
__Ltext4                    text4        000000
__Ltext5                    text5        000000
__Ltext6                    text6        000000
__Ltext7                    text7        000000
__Ltext8                    text8        000000
__Ltext9                    text9        000000
__S0                        (abs)        008000
__S1                        (abs)        0001CF
__S4                        (abs)        000000
__S5                        (abs)        000000
___awdiv                    text15       000EF6
___awdiv@counter            cstackCOMRAM 00001D
___awdiv@dividend           cstackCOMRAM 000019
___awdiv@divisor            cstackCOMRAM 00001B
___awdiv@quotient           cstackCOMRAM 00001F
___awdiv@sign               cstackCOMRAM 00001E
___awmod                    text14       000FB8
___awmod@counter            cstackCOMRAM 000017
___awmod@dividend           cstackCOMRAM 000013
___awmod@divisor            cstackCOMRAM 000015
___awmod@sign               cstackCOMRAM 000018
___heap_hi                  (abs)        000000
___heap_lo                  (abs)        000000
___inthi_sp                 stack        000000
___inthi_stack_hi           stack        000000
___inthi_stack_lo           stack        000000
___intlo_sp                 stack        000000
___intlo_stack_hi           stack        000000
___intlo_stack_lo           stack        000000
___lldiv                    text8        001066
___lldiv@counter            cstackCOMRAM 000016
___lldiv@dividend           cstackCOMRAM 00000A
___lldiv@divisor            cstackCOMRAM 00000E
___lldiv@quotient           cstackCOMRAM 000012
___llmod                    text7        001354
___llmod@counter            cstackCOMRAM 000009
___llmod@dividend           cstackCOMRAM 000001
___llmod@divisor            cstackCOMRAM 000005
___lmul                     text6        00153C
___lmul@multiplicand        cstackCOMRAM 000005
___lmul@multiplier          cstackCOMRAM 000001
___lmul@product             cstackCOMRAM 000009
___param_bank               (abs)        000000
___rparam_used              (abs)        000001
___sp                       stack        000000
___stack_hi                 stack        000000
___stack_lo                 stack        000000
__accesstop                 (abs)        000060
__activetblptr              (abs)        000002
__end_of_Counting           text30       000D16
__end_of_CreateBtn          text29       000BFE
__end_of_Delay_ms           text22       001650
__end_of_GetPrd             text28       00123E
__end_of_Interrupt_init     text27       001606
__end_of_LCD_Erase          text23       00145E
__end_of_LCD_Init           text20       0012CC
__end_of_LCD_PrintClock     text12       000E0C
__end_of_LCD_SendCommands   text25       001702
__end_of_LCD_SendData       text19       0016C8
__end_of_LCD_Set_PageColumn text18       00168C
__end_of_LCD_WriteByte      text24       00182A
__end_of_LCD_printSmb8x5    text17       001762
__end_of_LCD_printStr8x5    text16       0014D0
__end_of_SPI_ReadWriteByte  text26       0017D8
__end_of_SPI_init           text21       001800
__end_of_TMR0_init          text11       00181C
__end_of_TMR1_init          text10       00180E
__end_of_TestBtn            text9        00059A
__end_of___awdiv            text15       000FB8
__end_of___awmod            text14       001066
__end_of___lldiv            text8        00110A
__end_of___llmod            text7        0013DC
__end_of___lmul             text6        0015A6
__end_of__initialization    cinit        001346
__end_of_battary            mediumconst  0077FF
__end_of_bender             mediumconst  0079F7
__end_of_char_8x5           mediumconst  007FFF
__end_of_clock_dig          mediumconst  007AFF
__end_of_dig_to_smb         text13       0011A4
__end_of_getrand            text4        001784
__end_of_main               text0        000A82
__end_of_rand               text5        00153C
__end_of_randinit           text2        0017EC
__end_of_srand              text3        0017C0
__end_of_systemTime_int     intcode_body 00173C
__end_of_u8_to_str          text1        000EF6
__initialization            cinit        0012CC
__mediumconst               mediumconst  0075BE
__pbssBANK0                 bssBANK0     00006D
__pbssBANK1                 bssBANK1     0001B6
__pbssCOMRAM                bssCOMRAM    000038
__pcinit                    cinit        0012CC
__pcstackBANK0              cstackBANK0  000060
__pcstackBANK1              cstackBANK1  000100
__pcstackCOMRAM             cstackCOMRAM 000001
__pdataBANK0                dataBANK0    000075
__pdataBANK1                dataBANK1    000195
__pdataCOMRAM               dataCOMRAM   000052
__pidataBANK0               idataBANK0   00182A
__pidataBANK1               idataBANK1   001784
__pidataCOMRAM              idataCOMRAM  00182D
__pintcode                  intcode      000008
__pintcode_body             intcode_body 001702
__pmediumconst              mediumconst  0075BE
__pnvCOMRAM                 nvCOMRAM     00004E
__ptext0                    text0        00059A
__ptext1                    text1        000E0C
__ptext10                   text10       001800
__ptext11                   text11       00180E
__ptext12                   text12       000D16
__ptext13                   text13       00110A
__ptext14                   text14       000FB8
__ptext15                   text15       000EF6
__ptext16                   text16       00145E
__ptext17                   text17       00173C
__ptext18                   text18       001650
__ptext19                   text19       00168C
__ptext2                    text2        0017D8
__ptext20                   text20       00123E
__ptext21                   text21       0017EC
__ptext22                   text22       001606
__ptext23                   text23       0013DC
__ptext24                   text24       00181C
__ptext25                   text25       0016C8
__ptext26                   text26       0017C0
__ptext27                   text27       0015A6
__ptext28                   text28       0011A4
__ptext29                   text29       000A82
__ptext3                    text3        0017A6
__ptext30                   text30       000BFE
__ptext4                    text4        001762
__ptext5                    text5        0014D0
__ptext6                    text6        00153C
__ptext7                    text7        001354
__ptext8                    text8        001066
__ptext9                    text9        000012
__ramtop                    ramtop       000800
__smallconst                smallconst   000000
_battary                    mediumconst  0075BF
_bender                     mediumconst  0077FF
_char_8x5                   mediumconst  007AFF
_clock_dig                  mediumconst  0079F7
_countDirect                dataBANK0    000077
_countOn                    bssCOMRAM    00004C
_countPeriod                dataBANK0    000075
_countTime                  bssBANK1     0001C7
_dig_to_smb                 text13       00110A
_dispCounter                bssBANK1     0001CB
_getrand                    text4        001762
_main                       text0        00059A
_mainTimeCounter            bssBANK0     00006D
_n_count                    bssCOMRAM    00004D
_rand                       text5        0014D0
_randinit                   text2        0017D8
_seed                       nvCOMRAM     00004E
_srand                      text3        0017A6
_systemTime_int             intcode      000008
_timestamp                  bssBANK0     000071
_u8_to_str                  text1        000E0C
btemp                       temp         000054
dig_to_smb@dig              cstackCOMRAM 000001
end_of_initialization       cinit        001346
getrand@N                   cstackCOMRAM 000019
int$flags                   temp         000054
int_func                    intcode_body 001702
intlevel0                   text         000000
intlevel1                   text         000000
intlevel2                   text         000000
intlevel3                   text         000000
isa$std                     (abs)        000001
isa$xinst                   (abs)        000000
main@B1                     cstackBANK1  000185
main@B2                     cstackBANK1  000115
main@B3                     cstackBANK1  000125
main@B4                     cstackBANK1  000165
main@B5                     cstackBANK1  000135
main@B6                     cstackBANK1  000175
main@B7                     cstackBANK1  000145
main@B8                     cstackBANK1  000155
main@B9                     cstackBANK1  000105
main@CL                     cstackBANK1  000104
main@Nsmb                   cstackBANK1  000101
main@Number                 cstackBANK1  000100
main@PG                     cstackBANK1  000103
main@prntClk                cstackBANK1  000102
srand@s                     cstackCOMRAM 000001
stackhi                     (abs)        000000
stacklo                     (abs)        000000
start                       init         00000E
start_initialization        cinit        0012CC
testSendUSART@testUSARTtime bssCOMRAM    00003C
ttemp5                      temp         000055
ttemp6                      temp         000058
ttemp7                      temp         00005C
u8_to_str@H                 cstackCOMRAM 00002D
u8_to_str@L                 cstackCOMRAM 00002E
u8_to_str@M                 cstackCOMRAM 00002F
u8_to_str@num               cstackCOMRAM 00002C
u8_to_str@str1              cstackCOMRAM 00002A
u8_to_str@str2              cstackCOMRAM 000027
u8_to_str@str3              cstackCOMRAM 000023
wtemp8                      temp         000055


MODULE INFORMATION

Module		Function		Class		Link	Load	Size
init_periph.c
		_TMR0_init     		CODE           	180E	0000	14
		_Interrupt_init		CODE           	15A6	0000	96
		_TMR1_init     		CODE           	1800	0000	14

init_periph.c estimated size: 124

C:\Program Files\Microchip\xc8\v2.50\pic\sources\c99\common\rand.c
		_srand         		CODE           	17A6	0000	26
		_rand          		CODE           	14D0	0000	108

C:\Program Files\Microchip\xc8\v2.50\pic\sources\c99\common\rand.c estimated size: 134

C:\Program Files\Microchip\xc8\v2.50\pic\sources\c99\common\awmod.c
		___awmod       		CODE           	0FB8	0000	174

C:\Program Files\Microchip\xc8\v2.50\pic\sources\c99\common\awmod.c estimated size: 174

drv_buttons.c
		_CreateBtn     		CODE           	0A82	0000	380
		_TestBtn       		CODE           	0012	0000	1416

drv_buttons.c estimated size: 1796

C:\Program Files\Microchip\xc8\v2.50\pic\sources\c99\common\Umul32.c
		___lmul        		CODE           	153C	0000	106

C:\Program Files\Microchip\xc8\v2.50\pic\sources\c99\common\Umul32.c estimated size: 106

C:\Program Files\Microchip\xc8\v2.50\pic\sources\c99\common\llmod.c
		___llmod       		CODE           	1354	0000	136

C:\Program Files\Microchip\xc8\v2.50\pic\sources\c99\common\llmod.c estimated size: 136

C:\Program Files\Microchip\xc8\v2.50\pic\sources\c99\common\__lldiv.c
		___lldiv       		CODE           	1066	0000	164

C:\Program Files\Microchip\xc8\v2.50\pic\sources\c99\common\__lldiv.c estimated size: 164

shared
		_bender        		MEDIUMCONST    	77FF	0000	504
		_battary       		MEDIUMCONST    	75BF	0000	576
		__initialization		CODE           	12CC	0000	122
		_char_8x5      		MEDIUMCONST    	7AFF	0000	1280
		_clock_dig     		MEDIUMCONST    	79F7	0000	264

shared estimated size: 2746

drv_lcdST7565_SPI.c
		_LCD_Init      		CODE           	123E	0000	142
		_SPI_init      		CODE           	17EC	0000	20
		_LCD_SendData  		CODE           	168C	0000	60
		_LCD_Erase     		CODE           	13DC	0000	130
		_LCD_SendCommands		CODE           	16C8	0000	58
		_LCD_printSmb8x5		CODE           	173C	0000	38
		_LCD_printStr8x5		CODE           	145E	0000	114
		_SPI_ReadWriteByte		CODE           	17C0	0000	24
		_LCD_PrintClock		CODE           	0D16	0000	246
		_LCD_Set_PageColumn		CODE           	1650	0000	60
		_LCD_WriteByte 		CODE           	181C	0000	14

drv_lcdST7565_SPI.c estimated size: 906

C:\Program Files\Microchip\xc8\v2.50\pic\sources\c99\common\awdiv.c
		___awdiv       		CODE           	0EF6	0000	194

C:\Program Files\Microchip\xc8\v2.50\pic\sources\c99\common\awdiv.c estimated size: 194

common.c
		_Delay_ms      		CODE           	1606	0000	74
		_getrand       		CODE           	1762	0000	34
		_u8_to_str     		CODE           	0E0C	0000	234
		_dig_to_smb    		CODE           	110A	0000	154
		_randinit      		CODE           	17D8	0000	20

common.c estimated size: 516

main.c
		_main          		CODE           	059A	0000	1256
		_Counting      		CODE           	0BFE	0000	280
		_systemTime_int		CODE           	0008	0000	64
		_GetPrd        		CODE           	11A4	0000	154

main.c estimated size: 1754

